Microchip MPLAB XC8 Compiler V2.05 ()

Linker command line:

-W-3 --edf=/opt/microchip/xc8/v2.05/pic/dat/en_msgs.txt -cs \
  -h+dist/default/production/PIC18FLCD5110.X.production.sym \
  --cmf=dist/default/production/PIC18FLCD5110.X.production.cmf -z -Q18F2550 \
  -o/tmp/xcXBTPbHr -Mdist/default/production/PIC18FLCD5110.X.production.map \
  -E1 -ver=XC8 -ASTACK=060h-0607h -pstack=STACK -ACODE=00h-07FFFh \
  -ACONST=00h-07FFFh -ASMALLCONST=0800h-08FFhx120 \
  -AMEDIUMCONST=0800h-07FFFh -ACOMRAM=01h-05Fh -AABS1=00h-07FFh \
  -ABIGRAM=01h-07FFh -ARAM=060h-0FFh,0100h-01FFhx7 -ABANK0=060h-0FFh \
  -ABANK1=0100h-01FFh -ABANK2=0200h-02FFh -ABANK3=0300h-03FFh \
  -ABANK4=0400h-04FFh -ABANK5=0500h-05FFh -ABANK6=0600h-06FFh \
  -ABANK7=0700h-07FFh -ASFR=0F60h-0FFFh \
  -preset_vec=00h,intcode,intcodelo,powerup,init -pramtop=0800h \
  -psmallconst=SMALLCONST -pmediumconst=MEDIUMCONST -pconst=CONST \
  -AFARRAM=00h-00h -ACONFIG=0300000h-030000Dh -pconfig=CONFIG \
  -AIDLOC=0200000h-0200007h -pidloc=IDLOC -AEEDATA=0F00000h-0F000FFh \
  -peeprom_data=EEDATA \
  -prdata=COMRAM,nvrram=COMRAM,nvbit=COMRAM,rbss=COMRAM,rbit=COMRAM \
  -pfarbss=FARRAM,fardata=FARRAM,nvFARRAM=FARRAM \
  -pintsave_regs=BIGRAM,bigbss=BIGRAM,bigdata=BIGRAM -pbss=RAM \
  -pidata=CODE,irdata=CODE,ibigdata=CODE,ifardata=CODE -prparam=COMRAM \
  /tmp/xcXwevbG3.obj dist/default/production/PIC18FLCD5110.X.production.obj 

Object code version is 3.11

Machine type is 18F2550

Call graph: (short form)




                Name                               Link     Load   Length Selector   Space Scale
/tmp/xcXwevbG3.obj
                init                                  0        0        4        0       0
                idloc                            200000   200000        8   200000       0
                config                           300000   300000        E   300000       0
dist/default/production/PIC18FLCD5110.X.production.obj
                text10                             7CEE     7CEE       56     3E77       0
                text9                              7BCE     7BCE       16     3DE7       0
                text8                              7B94     7B94       12     3DCA       0
                text7                              7CAC     7CAC       42     3E56       0
                text6                              7C6C     7C6C       40     3E36       0
                text5                              7C14     7C14       2A     3E0A       0
                text4                              7BA6     7BA6       14     3DD3       0
                text3                              7BFA     7BFA       1A     3DFD       0
                text2                              7BBA     7BBA       14     3DDD       0
                text1                              7BE4     7BE4       16     3DF2       0
                text0                              7D44     7D44       C4     3EA2       0
                cstackCOMRAM                          1        1        C        1       1
                dataBIGRAM                          608      608      1F8      608       1
                cinit                              7C3E     7C3E       2E     3E1F       0
                idataBIGRAM                        7E08     7E08      1F8     7E08       0

TOTAL           Name                               Link     Load   Length     Space
        CLASS   STACK          

        CLASS   CODE           
                init                                  0        0        4         0
                text10                             7CEE     7CEE       56         0
                text9                              7BCE     7BCE       16         0
                text8                              7B94     7B94       12         0
                text7                              7CAC     7CAC       42         0
                text6                              7C6C     7C6C       40         0
                text5                              7C14     7C14       2A         0
                text4                              7BA6     7BA6       14         0
                text3                              7BFA     7BFA       1A         0
                text2                              7BBA     7BBA       14         0
                text1                              7BE4     7BE4       16         0
                text0                              7D44     7D44       C4         0
                cinit                              7C3E     7C3E       2E         0
                idataBIGRAM                        7E08     7E08      1F8         0

        CLASS   CONST          

        CLASS   SMALLCONST     

        CLASS   MEDIUMCONST    

        CLASS   COMRAM         
                cstackCOMRAM                          1        1        C         1

        CLASS   ABS1           

        CLASS   BIGRAM         
                dataBIGRAM                          608      608      1F8         1

        CLASS   RAM            

        CLASS   BANK0          

        CLASS   BANK1          

        CLASS   BANK2          

        CLASS   BANK3          

        CLASS   BANK4          

        CLASS   BANK5          

        CLASS   BANK6          

        CLASS   BANK7          

        CLASS   SFR            

        CLASS   FARRAM         

        CLASS   CONFIG         
                config                           300000   300000        E         0

        CLASS   IDLOC          
                idloc                            200000   200000        8         0

        CLASS   EEDATA         



SEGMENTS        Name                           Load    Length   Top    Selector   Space  Class

                reset_vec                      000000  000004  000004         0       0  CODE    
                cstackCOMRAM                   000001  00000C  00000D         1       1  COMRAM  
                dataBIGRAM                     000608  0001F8  000800       608       1  BIGRAM  
                text8                          007B94  000012  007BA6      3DCA       0  CODE    
                text4                          007BA6  000014  007BBA      3DD3       0  CODE    
                text2                          007BBA  000014  007BCE      3DDD       0  CODE    
                text9                          007BCE  000016  007BE4      3DE7       0  CODE    
                text1                          007BE4  000016  007BFA      3DF2       0  CODE    
                text3                          007BFA  00001A  007C14      3DFD       0  CODE    
                text5                          007C14  00002A  007C3E      3E0A       0  CODE    
                cinit                          007C3E  00002E  007C6C      3E1F       0  CODE    
                text6                          007C6C  000040  007CAC      3E36       0  CODE    
                text7                          007CAC  000042  007CEE      3E56       0  CODE    
                text10                         007CEE  000056  007D44      3E77       0  CODE    
                text0                          007D44  0000C4  007E08      3EA2       0  CODE    
                idataBIGRAM                    007E08  0001F8  008000      7E08       0  CODE    
                idloc                          200000  000008  200008    200000       0  IDLOC   
                config                         300000  00000E  30000E    300000       0  CONFIG  


UNUSED ADDRESS RANGES

        Name                Unused          Largest block    Delta
        BANK0            000060-0000FF               A0
        BANK1            000100-0001FF              100
        BANK2            000200-0002FF              100
        BANK3            000300-0003FF              100
        BANK4            000400-0004FF              100
        BANK5            000500-0005FF              100
        BANK6            000600-000607                8
        BIGRAM           00000D-000607              5FB
        CODE             000004-007B93             7B90
        COMRAM           00000D-00005F               53
        CONST            000004-007B93             7B90
        EEDATA           F00000-F000FF              100
        MEDIUMCONST      000800-007B93             7394
        RAM              000060-000607              100
        SFR              000F60-000FFF               A0
        SMALLCONST       000800-007B93              100
        STACK            000060-000607              5A8

                                  Symbol Table

OpenSPI@bus_mode               cstackCOMRAM 000001
OpenSPI@smp_phase              cstackCOMRAM 000002
OpenSPI@sync_mode              cstackCOMRAM 000003
WriteSPI@data_out              cstackCOMRAM 000002
_ADCON0bits                    (abs)        000FC2
_ADCON1                        (abs)        000FC1
_LATCbits                      (abs)        000F8B
_OpenSPI                       text10       007CEE
_PIR1bits                      (abs)        000F9E
_SSPBUF                        (abs)        000FC9
_SSPCON1                       (abs)        000FC6
_SSPCON1bits                   (abs)        000FC6
_SSPSTAT                       (abs)        000FC7
_SSPSTATbits                   (abs)        000FC7
_TRISAbits                     (abs)        000F92
_TRISBbits                     (abs)        000F93
_TRISCbits                     (abs)        000F94
_UCONbits                      (abs)        000F6D
_WriteSPI                      text9        007BCE
__CFG_BOR$OFF                  (abs)        000000
__CFG_CP0$OFF                  (abs)        000000
__CFG_CP1$OFF                  (abs)        000000
__CFG_CP2$OFF                  (abs)        000000
__CFG_CP3$OFF                  (abs)        000000
__CFG_CPD$OFF                  (abs)        000000
__CFG_CPUDIV$OSC4_PLL6         (abs)        000000
__CFG_FCMEN$OFF                (abs)        000000
__CFG_FOSC$HS                  (abs)        000000
__CFG_LVP$OFF                  (abs)        000000
__CFG_PLLDIV$5                 (abs)        000000
__CFG_WDT$OFF                  (abs)        000000
__HRAM                         (abs)        000000
__Habs1                        abs1         000000
__Hbank0                       bank0        000000
__Hbank1                       bank1        000000
__Hbank2                       bank2        000000
__Hbank3                       bank3        000000
__Hbank4                       bank4        000000
__Hbank5                       bank5        000000
__Hbank6                       bank6        000000
__Hbank7                       bank7        000000
__Hbigbss                      bigbss       000000
__Hbigdata                     bigdata      000000
__Hbigram                      bigram       000000
__Hbss                         bss          000000
__Hcinit                       cinit        000000
__Hclrtext                     clrtext      000000
__Hcomram                      comram       000000
__Hconfig                      config       30000E
__Hconst                       const        000000
__HcstackCOMRAM                cstackCOMRAM 000000
__Hdata                        data         000000
__HdataBIGRAM                  dataBIGRAM   000000
__Heeprom_data                 eeprom_data  000000
__Hfarbss                      farbss       000000
__Hfardata                     fardata      000000
__Hibigdata                    ibigdata     000000
__Hidata                       idata        000000
__HidataBIGRAM                 idataBIGRAM  000000
__Hidloc                       idloc        200008
__Hifardata                    ifardata     000000
__Hinit                        init         000004
__Hintcode                     intcode      000000
__Hintcode_body                intcode_body 000000
__Hintcodelo                   intcodelo    000000
__Hintentry                    intentry     000000
__Hintret                      intret       000000
__Hintsave_regs                intsave_regs 000000
__Hirdata                      irdata       000000
__Hmediumconst                 mediumconst  000000
__HnvFARRAM                    nvFARRAM     000000
__Hnvbit                       nvbit        000000
__Hnvrram                      nvrram       000000
__Hparam                       rparam       000000
__Hpowerup                     powerup      000000
__Hram                         ram          000000
__Hramtop                      ramtop       000800
__Hrbit                        rbit         000000
__Hrbss                        rbss         000000
__Hrdata                       rdata        000000
__Hreset_vec                   reset_vec    000000
__Hrparam                      rparam       000000
__Hsfr                         sfr          000000
__Hsmallconst                  smallconst   000000
__Hspace_0                     (abs)        30000E
__Hspace_1                     (abs)        000800
__Hspace_2                     (abs)        000000
__Hstack                       stack        000000
__Hstruct                      struct       000000
__Htemp                        temp         000000
__Htext                        text         000000
__Htext0                       text0        000000
__Htext1                       text1        000000
__Htext10                      text10       000000
__Htext2                       text2        000000
__Htext3                       text3        000000
__Htext4                       text4        000000
__Htext5                       text5        000000
__Htext6                       text6        000000
__Htext7                       text7        000000
__Htext8                       text8        000000
__Htext9                       text9        000000
__LRAM                         (abs)        000001
__Labs1                        abs1         000000
__Lbank0                       bank0        000000
__Lbank1                       bank1        000000
__Lbank2                       bank2        000000
__Lbank3                       bank3        000000
__Lbank4                       bank4        000000
__Lbank5                       bank5        000000
__Lbank6                       bank6        000000
__Lbank7                       bank7        000000
__Lbigbss                      bigbss       000000
__Lbigdata                     bigdata      000000
__Lbigram                      bigram       000000
__Lbss                         bss          000000
__Lcinit                       cinit        000000
__Lclrtext                     clrtext      000000
__Lcomram                      comram       000000
__Lconfig                      config       300000
__Lconst                       const        000000
__LcstackCOMRAM                cstackCOMRAM 000000
__Ldata                        data         000000
__LdataBIGRAM                  dataBIGRAM   000000
__Leeprom_data                 eeprom_data  000000
__Lfarbss                      farbss       000000
__Lfardata                     fardata      000000
__Libigdata                    ibigdata     000000
__Lidata                       idata        000000
__LidataBIGRAM                 idataBIGRAM  000000
__Lidloc                       idloc        200000
__Lifardata                    ifardata     000000
__Linit                        init         000000
__Lintcode                     intcode      000000
__Lintcode_body                intcode_body 000000
__Lintcodelo                   intcodelo    000000
__Lintentry                    intentry     000000
__Lintret                      intret       000000
__Lintsave_regs                intsave_regs 000000
__Lirdata                      irdata       000000
__Lmediumconst                 mediumconst  000000
__LnvFARRAM                    nvFARRAM     000000
__Lnvbit                       nvbit        000000
__Lnvrram                      nvrram       000000
__Lparam                       rparam       000000
__Lpowerup                     powerup      000000
__Lram                         ram          000000
__Lramtop                      ramtop       000800
__Lrbit                        rbit         000000
__Lrbss                        rbss         000000
__Lrdata                       rdata        000000
__Lreset_vec                   reset_vec    000000
__Lrparam                      rparam       000000
__Lsfr                         sfr          000000
__Lsmallconst                  smallconst   000000
__Lspace_0                     (abs)        000000
__Lspace_1                     (abs)        000000
__Lspace_2                     (abs)        000000
__Lstack                       stack        000000
__Lstruct                      struct       000000
__Ltemp                        temp         000000
__Ltext                        text         000000
__Ltext0                       text0        000000
__Ltext1                       text1        000000
__Ltext10                      text10       000000
__Ltext2                       text2        000000
__Ltext3                       text3        000000
__Ltext4                       text4        000000
__Ltext5                       text5        000000
__Ltext6                       text6        000000
__Ltext7                       text7        000000
__Ltext8                       text8        000000
__Ltext9                       text9        000000
__S0                           (abs)        30000E
__S1                           (abs)        000800
__S2                           (abs)        000000
___inthi_sp                    stack        000000
___intlo_sp                    stack        000000
___param_bank                  (abs)        000000
___rparam_used                 (abs)        000001
___sp                          stack        000000
__accesstop                    (abs)        000060
__activetblptr                 (abs)        000002
__end_of_OpenSPI               text10       007D44
__end_of_WriteSPI              text9        007BE4
__end_of__initialization       cinit        007C62
__end_of_main                  text0        007E08
__end_of_pcd8544_command       text8        007BA6
__end_of_pcd8544_flash         text7        007CEE
__end_of_pcd8544_init          text5        007C3E
__end_of_pcd8544_putpixel      text3        007C14
__end_of_pcd8544_reset         text6        007CAC
__end_of_pcd8544_set_contrast  text2        007BCE
__end_of_pcd8544_setxy         text4        007BBA
__end_of_pic_init              text1        007BFA
__initialization               cinit        007C3E
__mediumconst                  mediumconst  000000
__pcinit                       cinit        007C3E
__pcstackCOMRAM                cstackCOMRAM 000001
__pdataBIGRAM                  dataBIGRAM   000608
__pidataBIGRAM                 idataBIGRAM  007E08
__ptext0                       text0        007D44
__ptext1                       text1        007BE4
__ptext10                      text10       007CEE
__ptext2                       text2        007BBA
__ptext3                       text3        007BFA
__ptext4                       text4        007BA6
__ptext5                       text5        007C14
__ptext6                       text6        007C6C
__ptext7                       text7        007CAC
__ptext8                       text8        007B94
__ptext9                       text9        007BCE
__ramtop                       ramtop       000800
__size_of_OpenSPI              (abs)        000000
__size_of_WriteSPI             (abs)        000000
__size_of_main                 (abs)        000000
__size_of_pcd8544_command      (abs)        000000
__size_of_pcd8544_flash        (abs)        000000
__size_of_pcd8544_init         (abs)        000000
__size_of_pcd8544_putpixel     (abs)        000000
__size_of_pcd8544_reset        (abs)        000000
__size_of_pcd8544_set_contrast (abs)        000000
__size_of_pcd8544_setxy        (abs)        000000
__size_of_pic_init             (abs)        000000
__smallconst                   smallconst   000000
_main                          text0        007D44
_pcd8544_buffer                dataBIGRAM   000608
_pcd8544_command               text8        007B94
_pcd8544_flash                 text7        007CAC
_pcd8544_init                  text5        007C14
_pcd8544_putpixel              text3        007BFA
_pcd8544_reset                 text6        007C6C
_pcd8544_set_contrast          text2        007BBA
_pcd8544_setxy                 text4        007BA6
_pic_init                      text1        007BE4
end_of_initialization          cinit        007C62
intlevel0                      text         000000
intlevel1                      text         000000
intlevel2                      text         000000
intlevel3                      text         000000
main@i                         cstackCOMRAM 00000B
main@i_284                     cstackCOMRAM 00000C
pcd8544_command@cmd            cstackCOMRAM 000003
pcd8544_putpixel@color         cstackCOMRAM 000007
pcd8544_putpixel@x             cstackCOMRAM 000008
pcd8544_putpixel@y             cstackCOMRAM 000006
pcd8544_setxy@x                cstackCOMRAM 000005
pcd8544_setxy@y                cstackCOMRAM 000004
stackhi                        (abs)        000607
stacklo                        (abs)        000060
start                          init         000000
start_initialization           cinit        007C3E


FUNCTION INFORMATION:

 *************** function _main *****************
 Defined at:
		line 44 in file "main.c"
 Parameters:    Size  Location     Type
		None
 Auto vars:     Size  Location     Type
  i               1   11[COMRAM] unsigned char 
  i               1   10[COMRAM] unsigned char 
 Return value:  Size  Location     Type
                  1    wreg      void 
 Registers used:
		wreg, status,2, status,0, cstack
 Tracked objects:
		On entry : 
		On exit  : 
		Unchanged: 
 Data sizes:     COMRAM   BANK0   BANK1   BANK2   BANK3   BANK4   BANK5   BANK6   BANK7
      Params:         0       0       0       0       0       0       0       0       0
      Locals:         2       0       0       0       0       0       0       0       0
      Temps:          2       0       0       0       0       0       0       0       0
      Totals:         4       0       0       0       0       0       0       0       0
Total ram usage:        4 bytes
 Hardware stack levels required when called:    4
 This function calls:
		_OpenSPI
		_pcd8544_flash
		_pcd8544_init
		_pcd8544_putpixel
		_pcd8544_set_contrast
		_pic_init
 This function is called by:
		Startup code after reset
 This function uses a non-reentrant model


 *************** function _pic_init *****************
 Defined at:
		line 21 in file "main.c"
 Parameters:    Size  Location     Type
		None
 Auto vars:     Size  Location     Type
		None
 Return value:  Size  Location     Type
                  1    wreg      void 
 Registers used:
		wreg, status,2
 Tracked objects:
		On entry : 
		On exit  : 
		Unchanged: 
 Data sizes:     COMRAM   BANK0   BANK1   BANK2   BANK3   BANK4   BANK5   BANK6   BANK7
      Params:         0       0       0       0       0       0       0       0       0
      Locals:         0       0       0       0       0       0       0       0       0
      Temps:          0       0       0       0       0       0       0       0       0
      Totals:         0       0       0       0       0       0       0       0       0
Total ram usage:        0 bytes
 Hardware stack levels used:    1
 This function calls:
		Nothing
 This function is called by:
		_main
 This function uses a non-reentrant model


 *************** function _pcd8544_set_contrast *****************
 Defined at:
		line 95 in file "pcd8544.c"
 Parameters:    Size  Location     Type
  val             1    wreg     unsigned char 
 Auto vars:     Size  Location     Type
  val             1    0[COMRAM] unsigned char 
 Return value:  Size  Location     Type
                  1    wreg      void 
 Registers used:
		wreg, status,2, cstack
 Tracked objects:
		On entry : 
		On exit  : 
		Unchanged: 
 Data sizes:     COMRAM   BANK0   BANK1   BANK2   BANK3   BANK4   BANK5   BANK6   BANK7
      Params:         0       0       0       0       0       0       0       0       0
      Locals:         0       0       0       0       0       0       0       0       0
      Temps:          0       0       0       0       0       0       0       0       0
      Totals:         0       0       0       0       0       0       0       0       0
Total ram usage:        0 bytes
 Hardware stack levels used:    1
 Hardware stack levels required when called:    2
 This function calls:
		_pcd8544_command
 This function is called by:
		_main
 This function uses a non-reentrant model


 *************** function _pcd8544_putpixel *****************
 Defined at:
		line 117 in file "pcd8544.c"
 Parameters:    Size  Location     Type
  x               1    wreg     unsigned char 
  y               1    5[COMRAM] unsigned char 
  color           1    6[COMRAM] unsigned char 
 Auto vars:     Size  Location     Type
  x               1    7[COMRAM] unsigned char 
 Return value:  Size  Location     Type
                  1    wreg      void 
 Registers used:
		wreg, status,2, status,0, cstack
 Tracked objects:
		On entry : 
		On exit  : 
		Unchanged: 
 Data sizes:     COMRAM   BANK0   BANK1   BANK2   BANK3   BANK4   BANK5   BANK6   BANK7
      Params:         2       0       0       0       0       0       0       0       0
      Locals:         1       0       0       0       0       0       0       0       0
      Temps:          0       0       0       0       0       0       0       0       0
      Totals:         3       0       0       0       0       0       0       0       0
Total ram usage:        3 bytes
 Hardware stack levels used:    1
 Hardware stack levels required when called:    3
 This function calls:
		_WriteSPI
		_pcd8544_setxy
 This function is called by:
		_main
 This function uses a non-reentrant model


 *************** function _pcd8544_setxy *****************
 Defined at:
		line 185 in file "pcd8544.c"
 Parameters:    Size  Location     Type
  x               1    wreg     unsigned char 
  y               1    3[COMRAM] unsigned char 
 Auto vars:     Size  Location     Type
  x               1    4[COMRAM] unsigned char 
 Return value:  Size  Location     Type
                  1    wreg      void 
 Registers used:
		wreg, status,2, status,0, cstack
 Tracked objects:
		On entry : 
		On exit  : 
		Unchanged: 
 Data sizes:     COMRAM   BANK0   BANK1   BANK2   BANK3   BANK4   BANK5   BANK6   BANK7
      Params:         1       0       0       0       0       0       0       0       0
      Locals:         1       0       0       0       0       0       0       0       0
      Temps:          0       0       0       0       0       0       0       0       0
      Totals:         2       0       0       0       0       0       0       0       0
Total ram usage:        2 bytes
 Hardware stack levels used:    1
 Hardware stack levels required when called:    2
 This function calls:
		_pcd8544_command
 This function is called by:
		_pcd8544_putpixel
 This function uses a non-reentrant model


 *************** function _pcd8544_init *****************
 Defined at:
		line 50 in file "pcd8544.c"
 Parameters:    Size  Location     Type
		None
 Auto vars:     Size  Location     Type
		None
 Return value:  Size  Location     Type
                  1    wreg      void 
 Registers used:
		wreg, status,2, cstack
 Tracked objects:
		On entry : 
		On exit  : 
		Unchanged: 
 Data sizes:     COMRAM   BANK0   BANK1   BANK2   BANK3   BANK4   BANK5   BANK6   BANK7
      Params:         0       0       0       0       0       0       0       0       0
      Locals:         0       0       0       0       0       0       0       0       0
      Temps:          0       0       0       0       0       0       0       0       0
      Totals:         0       0       0       0       0       0       0       0       0
Total ram usage:        0 bytes
 Hardware stack levels used:    1
 Hardware stack levels required when called:    2
 This function calls:
		_pcd8544_command
		_pcd8544_reset
 This function is called by:
		_main
 This function uses a non-reentrant model


 *************** function _pcd8544_reset *****************
 Defined at:
		line 15 in file "pcd8544.c"
 Parameters:    Size  Location     Type
		None
 Auto vars:     Size  Location     Type
  i               1    0        unsigned char 
 Return value:  Size  Location     Type
                  1    wreg      void 
 Registers used:
		wreg
 Tracked objects:
		On entry : 
		On exit  : 
		Unchanged: 
 Data sizes:     COMRAM   BANK0   BANK1   BANK2   BANK3   BANK4   BANK5   BANK6   BANK7
      Params:         0       0       0       0       0       0       0       0       0
      Locals:         0       0       0       0       0       0       0       0       0
      Temps:          2       0       0       0       0       0       0       0       0
      Totals:         2       0       0       0       0       0       0       0       0
Total ram usage:        2 bytes
 Hardware stack levels used:    1
 This function calls:
		Nothing
 This function is called by:
		_pcd8544_init
 This function uses a non-reentrant model


 *************** function _pcd8544_flash *****************
 Defined at:
		line 108 in file "pcd8544.c"
 Parameters:    Size  Location     Type
		None
 Auto vars:     Size  Location     Type
		None
 Return value:  Size  Location     Type
                  1    wreg      void 
 Registers used:
		wreg, status,2, cstack
 Tracked objects:
		On entry : 
		On exit  : 
		Unchanged: 
 Data sizes:     COMRAM   BANK0   BANK1   BANK2   BANK3   BANK4   BANK5   BANK6   BANK7
      Params:         0       0       0       0       0       0       0       0       0
      Locals:         0       0       0       0       0       0       0       0       0
      Temps:          2       0       0       0       0       0       0       0       0
      Totals:         2       0       0       0       0       0       0       0       0
Total ram usage:        2 bytes
 Hardware stack levels used:    1
 Hardware stack levels required when called:    2
 This function calls:
		_pcd8544_command
 This function is called by:
		_main
 This function uses a non-reentrant model


 *************** function _pcd8544_command *****************
 Defined at:
		line 34 in file "pcd8544.c"
 Parameters:    Size  Location     Type
  cmd             1    wreg     unsigned char 
 Auto vars:     Size  Location     Type
  cmd             1    2[COMRAM] unsigned char 
 Return value:  Size  Location     Type
                  1    wreg      void 
 Registers used:
		wreg, status,2, cstack
 Tracked objects:
		On entry : 
		On exit  : 
		Unchanged: 
 Data sizes:     COMRAM   BANK0   BANK1   BANK2   BANK3   BANK4   BANK5   BANK6   BANK7
      Params:         0       0       0       0       0       0       0       0       0
      Locals:         1       0       0       0       0       0       0       0       0
      Temps:          0       0       0       0       0       0       0       0       0
      Totals:         1       0       0       0       0       0       0       0       0
Total ram usage:        1 bytes
 Hardware stack levels used:    1
 Hardware stack levels required when called:    1
 This function calls:
		_WriteSPI
 This function is called by:
		_pcd8544_init
		_pcd8544_set_contrast
		_pcd8544_flash
		_pcd8544_setxy
 This function uses a non-reentrant model


 *************** function _WriteSPI *****************
 Defined at:
		line 13 in file "/opt/microchip/xc8/v2.05/sources/pic18/plib/SPI/spi_writ.c"
 Parameters:    Size  Location     Type
  data_out        1    wreg     unsigned char 
 Auto vars:     Size  Location     Type
  data_out        1    1[COMRAM] unsigned char 
  TempVar         1    0        unsigned char 
 Return value:  Size  Location     Type
                  1    wreg      char 
 Registers used:
		wreg
 Tracked objects:
		On entry : 
		On exit  : 
		Unchanged: 
 Data sizes:     COMRAM   BANK0   BANK1   BANK2   BANK3   BANK4   BANK5   BANK6   BANK7
      Params:         0       0       0       0       0       0       0       0       0
      Locals:         2       0       0       0       0       0       0       0       0
      Temps:          0       0       0       0       0       0       0       0       0
      Totals:         2       0       0       0       0       0       0       0       0
Total ram usage:        2 bytes
 Hardware stack levels used:    1
 This function calls:
		Nothing
 This function is called by:
		_pcd8544_command
		_pcd8544_putpixel
 This function uses a non-reentrant model


 *************** function _OpenSPI *****************
 Defined at:
		line 14 in file "/opt/microchip/xc8/v2.05/sources/pic18/plib/SPI/spi_open.c"
 Parameters:    Size  Location     Type
  sync_mode       1    wreg     unsigned char 
  bus_mode        1    0[COMRAM] unsigned char 
  smp_phase       1    1[COMRAM] unsigned char 
 Auto vars:     Size  Location     Type
  sync_mode       1    2[COMRAM] unsigned char 
 Return value:  Size  Location     Type
                  1    wreg      void 
 Registers used:
		wreg, status,2, status,0
 Tracked objects:
		On entry : 
		On exit  : 
		Unchanged: 
 Data sizes:     COMRAM   BANK0   BANK1   BANK2   BANK3   BANK4   BANK5   BANK6   BANK7
      Params:         2       0       0       0       0       0       0       0       0
      Locals:         1       0       0       0       0       0       0       0       0
      Temps:          0       0       0       0       0       0       0       0       0
      Totals:         3       0       0       0       0       0       0       0       0
Total ram usage:        3 bytes
 Hardware stack levels used:    1
 This function calls:
		Nothing
 This function is called by:
		_main
 This function uses a non-reentrant model



MODULE INFORMATION

Module		Function		Class		Link	Load	Size
pcd8544.c
		_pcd8544_init  		CODE           	7C14	0000	43
		_pcd8544_flash 		CODE           	7CAC	0000	67
		_pcd8544_reset 		CODE           	7C6C	0000	65
		_pcd8544_setxy 		CODE           	7BA6	0000	21
		_pcd8544_putpixel		CODE           	7BFA	0000	27
		_pcd8544_set_contrast		CODE           	7BBA	0000	21
		_pcd8544_command		CODE           	7B94	0000	19

pcd8544.c estimated size: 263

/opt/microchip/xc8/v2.05/sources/pic18/plib/SPI/spi_open.c
		_OpenSPI       		CODE           	7CEE	0000	87

/opt/microchip/xc8/v2.05/sources/pic18/plib/SPI/spi_open.c estimated size: 87

shared
		__initialization		CODE           	7C3E	0000	37

shared estimated size: 37

/opt/microchip/xc8/v2.05/sources/pic18/plib/SPI/spi_writ.c
		_WriteSPI      		CODE           	7BCE	0000	23

/opt/microchip/xc8/v2.05/sources/pic18/plib/SPI/spi_writ.c estimated size: 23

main.c
		_pic_init      		CODE           	7BE4	0000	23
		_main          		CODE           	7D44	0000	197

main.c estimated size: 220

